// Jest Snapshot v1, https://goo.gl/fbAQLP

exports[`Logout Snapshot 1`] = `
<div
  id="logout"
>
  <div>
    <button
      onClick={[Function]}
    >
      Log Out
    </button>
  </div>
  <div
    className="show-status"
  >
    <p>
      Authenticated: 
      false
    </p>
    <p>
      Username: 
      
    </p>
    <p>
      User ID: 
      
    </p>
  </div>
</div>
`;
