// Jest Snapshot v1, https://goo.gl/fbAQLP

exports[`Signup Snapshot 1`] = `
<div
  id="signup"
>
  <h3>
    Sign Up
  </h3>
  <form
    onSubmit={[Function]}
  >
    <label>
      Username:
      <input
        id="username-input"
        maxLength="15"
        minLength="4"
        onChange={[Function]}
        size="20"
        type="text"
        value=""
      />
    </label>
    <br />
    <label>
      Password:
      <input
        id="password-input"
        maxLength="19"
        minLength="6"
        onChange={[Function]}
        size="20"
        type="text"
        value=""
      />
    </label>
    <br />
    <input
      type="submit"
      value="submit"
    />
  </form>
  <div
    className="show-status"
  >
    <p>
      Authenticated: 
      false
    </p>
    <p>
      Username: 
      
    </p>
    <p>
      User ID: 
      
    </p>
  </div>
</div>
`;
